auto_start_task12_after_day11 started at Thu Sep  3 17:17:44 IST 2026
Waiting for Day11 lambda_1.0 training to stop...
Thu Sep  3 17:17:44 IST 2026: Day11 lambda_1.0 still running
Thu Sep  3 17:18:44 IST 2026: Day11 lambda_1.0 still running
Thu Sep  3 17:19:45 IST 2026: Day11 lambda_1.0 still running
Thu Sep  3 17:20:45 IST 2026: Day11 lambda_1.0 still running
Thu Sep  3 17:21:45 IST 2026: Day11 lambda_1.0 still running
Thu Sep  3 17:22:45 IST 2026: Day11 lambda_1.0 still running
Thu Sep  3 17:23:45 IST 2026: Day11 lambda_1.0 still running
Thu Sep  3 17:24:45 IST 2026: Day11 lambda_1.0 still running
Thu Sep  3 17:25:45 IST 2026: Day11 lambda_1.0 still running
Thu Sep  3 17:26:45 IST 2026: Day11 lambda_1.0 still running
Thu Sep  3 17:27:45 IST 2026: Day11 lambda_1.0 still running
Thu Sep  3 17:28:45 IST 2026: Day11 lambda_1.0 still running
Thu Sep  3 17:29:45 IST 2026: Day11 lambda_1.0 still running
Thu Sep  3 17:30:45 IST 2026: Day11 lambda_1.0 still running
Thu Sep  3 17:31:45 IST 2026: Day11 lambda_1.0 still running
Thu Sep  3 17:32:45 IST 2026: Day11 lambda_1.0 still running
Thu Sep  3 17:33:45 IST 2026: Day11 lambda_1.0 still running
Thu Sep  3 17:34:45 IST 2026: Day11 lambda_1.0 still running
Thu Sep  3 17:35:45 IST 2026: Day11 lambda_1.0 still running
Thu Sep  3 17:36:45 IST 2026: Day11 lambda_1.0 still running
Thu Sep  3 17:37:45 IST 2026: Day11 lambda_1.0 still running
Thu Sep  3 17:38:45 IST 2026: Day11 lambda_1.0 still running
Thu Sep  3 17:39:45 IST 2026: Day11 lambda_1.0 still running
Thu Sep  3 17:40:45 IST 2026: Day11 lambda_1.0 still running
Thu Sep  3 17:41:45 IST 2026: Day11 lambda_1.0 still running
Thu Sep  3 17:42:45 IST 2026: Day11 lambda_1.0 still running
Thu Sep  3 17:43:45 IST 2026: Day11 lambda_1.0 still running
Thu Sep  3 17:44:45 IST 2026: Day11 lambda_1.0 still running
Thu Sep  3 17:45:45 IST 2026: Day11 lambda_1.0 still running
Thu Sep  3 17:46:45 IST 2026: Day11 lambda_1.0 still running
Thu Sep  3 17:47:45 IST 2026: Day11 lambda_1.0 still running
Thu Sep  3 17:48:45 IST 2026: Day11 lambda_1.0 still running
Thu Sep  3 17:49:45 IST 2026: Day11 lambda_1.0 still running
Thu Sep  3 17:50:45 IST 2026: Day11 lambda_1.0 still running
Thu Sep  3 17:51:45 IST 2026: Day11 lambda_1.0 still running
Thu Sep  3 17:52:45 IST 2026: Day11 lambda_1.0 still running
Thu Sep  3 17:53:45 IST 2026: Day11 lambda_1.0 still running
Thu Sep  3 17:54:45 IST 2026: Day11 lambda_1.0 still running
Thu Sep  3 17:55:45 IST 2026: Day11 lambda_1.0 still running
Thu Sep  3 17:56:45 IST 2026: Day11 lambda_1.0 still running
Thu Sep  3 17:57:45 IST 2026: Day11 lambda_1.0 still running
Thu Sep  3 17:58:45 IST 2026: Day11 lambda_1.0 still running
Thu Sep  3 17:59:45 IST 2026: Day11 lambda_1.0 still running
Thu Sep  3 18:00:45 IST 2026: Day11 lambda_1.0 still running
Thu Sep  3 18:01:45 IST 2026: Day11 lambda_1.0 still running
Thu Sep  3 18:02:45 IST 2026: Day11 lambda_1.0 still running
Thu Sep  3 18:03:45 IST 2026: Day11 lambda_1.0 still running
Thu Sep  3 18:04:45 IST 2026: Day11 lambda_1.0 still running
Thu Sep  3 18:05:45 IST 2026: Day11 lambda_1.0 still running
Thu Sep  3 18:06:45 IST 2026: Day11 lambda_1.0 still running
Thu Sep  3 18:07:46 IST 2026: Day11 lambda_1.0 still running
Thu Sep  3 18:08:46 IST 2026: Day11 lambda_1.0 still running
Thu Sep  3 18:09:46 IST 2026: Day11 lambda_1.0 still running
Thu Sep  3 18:10:46 IST 2026: Day11 lambda_1.0 still running
Thu Sep  3 18:11:46 IST 2026: Day11 lambda_1.0 still running
Thu Sep  3 18:12:46 IST 2026: Day11 lambda_1.0 still running
Thu Sep  3 18:13:46 IST 2026: Day11 lambda_1.0 still running
Thu Sep  3 18:14:46 IST 2026: Day11 lambda_1.0 still running
Thu Sep  3 18:15:46 IST 2026: Day11 lambda_1.0 still running
Thu Sep  3 18:16:46 IST 2026: Day11 lambda_1.0 still running
Thu Sep  3 18:17:46 IST 2026: Day11 lambda_1.0 still running
Thu Sep  3 18:18:46 IST 2026: Day11 lambda_1.0 still running
Thu Sep  3 18:19:46 IST 2026: Day11 lambda_1.0 still running
Thu Sep  3 18:20:46 IST 2026: Day11 lambda_1.0 still running
Thu Sep  3 18:21:46 IST 2026: Day11 lambda_1.0 still running
Thu Sep  3 18:22:46 IST 2026: Day11 lambda_1.0 still running
Thu Sep  3 18:23:46 IST 2026: Day11 lambda_1.0 still running
Thu Sep  3 18:24:46 IST 2026: Day11 lambda_1.0 still running
Thu Sep  3 18:25:46 IST 2026: Day11 lambda_1.0 still running
Thu Sep  3 18:26:46 IST 2026: Day11 lambda_1.0 still running
Thu Sep  3 18:27:46 IST 2026: Day11 lambda_1.0 still running
Thu Sep  3 18:28:46 IST 2026: Day11 lambda_1.0 still running
Thu Sep  3 18:29:46 IST 2026: Day11 lambda_1.0 still running
Thu Sep  3 18:30:46 IST 2026: Day11 lambda_1.0 still running
Thu Sep  3 18:31:46 IST 2026: Day11 lambda_1.0 still running
Thu Sep  3 18:32:46 IST 2026: Day11 lambda_1.0 still running
Thu Sep  3 18:33:46 IST 2026: Day11 lambda_1.0 still running
Thu Sep  3 18:34:46 IST 2026: Day11 lambda_1.0 still running
Thu Sep  3 18:35:46 IST 2026: Day11 lambda_1.0 still running
Thu Sep  3 18:36:46 IST 2026: Day11 lambda_1.0 still running
Thu Sep  3 18:37:46 IST 2026: Day11 lambda_1.0 still running
Thu Sep  3 18:38:46 IST 2026: Day11 lambda_1.0 still running
Thu Sep  3 18:39:46 IST 2026: Day11 lambda_1.0 still running
Thu Sep  3 18:40:46 IST 2026: Day11 lambda_1.0 still running
Thu Sep  3 18:41:46 IST 2026: Day11 lambda_1.0 still running
Thu Sep  3 18:42:46 IST 2026: Day11 lambda_1.0 still running
Thu Sep  3 18:43:46 IST 2026: Day11 lambda_1.0 still running
Thu Sep  3 18:44:46 IST 2026: Day11 lambda_1.0 still running
Thu Sep  3 18:45:46 IST 2026: Day11 lambda_1.0 still running
Thu Sep  3 18:46:46 IST 2026: Day11 lambda_1.0 still running
Thu Sep  3 18:47:46 IST 2026: Day11 lambda_1.0 still running
Thu Sep  3 18:48:46 IST 2026: Day11 lambda_1.0 still running
Thu Sep  3 18:49:46 IST 2026: Day11 lambda_1.0 still running
Thu Sep  3 18:50:46 IST 2026: Day11 lambda_1.0 still running
Thu Sep  3 18:51:46 IST 2026: Day11 lambda_1.0 still running
Thu Sep  3 18:52:46 IST 2026: Day11 lambda_1.0 still running
Thu Sep  3 18:53:46 IST 2026: Day11 lambda_1.0 still running
Thu Sep  3 18:54:47 IST 2026: Day11 lambda_1.0 still running
Thu Sep  3 18:55:47 IST 2026: Day11 lambda_1.0 still running
Thu Sep  3 18:56:47 IST 2026: Day11 lambda_1.0 still running
Thu Sep  3 18:57:47 IST 2026: Day11 lambda_1.0 still running
Thu Sep  3 18:58:47 IST 2026: Day11 lambda_1.0 still running
Thu Sep  3 18:59:47 IST 2026: Day11 lambda_1.0 still running
Thu Sep  3 19:00:47 IST 2026: Day11 lambda_1.0 still running
Thu Sep  3 19:01:47 IST 2026: Day11 lambda_1.0 still running
Thu Sep  3 19:02:47 IST 2026: Day11 lambda_1.0 still running
Thu Sep  3 19:03:47 IST 2026: Day11 lambda_1.0 still running
Thu Sep  3 19:04:47 IST 2026: Day11 lambda_1.0 still running
Thu Sep  3 19:05:47 IST 2026: Day11 lambda_1.0 still running
Thu Sep  3 19:06:47 IST 2026: Day11 lambda_1.0 still running
Thu Sep  3 19:07:47 IST 2026: Day11 lambda_1.0 still running
Thu Sep  3 19:08:47 IST 2026: Day11 lambda_1.0 still running
Thu Sep  3 19:09:47 IST 2026: Day11 lambda_1.0 still running
Thu Sep  3 19:10:47 IST 2026: Day11 lambda_1.0 still running
Thu Sep  3 19:11:47 IST 2026: Day11 lambda_1.0 still running
Thu Sep  3 19:12:47 IST 2026: Day11 lambda_1.0 still running
Thu Sep  3 19:13:47 IST 2026: Day11 lambda_1.0 still running
Thu Sep  3 19:14:47 IST 2026: Day11 lambda_1.0 still running
Thu Sep  3 19:15:47 IST 2026: Day11 lambda_1.0 still running
Thu Sep  3 19:16:47 IST 2026: Day11 lambda_1.0 still running
Thu Sep  3 19:17:47 IST 2026: Day11 lambda_1.0 still running
Thu Sep  3 19:18:47 IST 2026: Day11 lambda_1.0 still running
Thu Sep  3 19:19:47 IST 2026: Day11 lambda_1.0 still running
Thu Sep  3 19:20:47 IST 2026: Day11 lambda_1.0 still running
Thu Sep  3 19:21:47 IST 2026: Day11 lambda_1.0 still running
Thu Sep  3 19:22:47 IST 2026: Day11 lambda_1.0 still running
Thu Sep  3 19:23:47 IST 2026: Day11 lambda_1.0 still running
Thu Sep  3 19:24:47 IST 2026: Day11 lambda_1.0 still running
Thu Sep  3 19:25:47 IST 2026: Day11 lambda_1.0 still running
Thu Sep  3 19:26:47 IST 2026: Day11 lambda_1.0 still running
Thu Sep  3 19:27:47 IST 2026: Day11 lambda_1.0 still running
Thu Sep  3 19:28:47 IST 2026: Day11 lambda_1.0 still running
Thu Sep  3 19:29:47 IST 2026: Day11 lambda_1.0 still running
Thu Sep  3 19:30:47 IST 2026: Day11 lambda_1.0 still running
Thu Sep  3 19:31:47 IST 2026: Day11 lambda_1.0 still running
Thu Sep  3 19:32:47 IST 2026: Day11 lambda_1.0 still running
Thu Sep  3 19:33:47 IST 2026: Day11 lambda_1.0 still running
Thu Sep  3 19:34:47 IST 2026: Day11 lambda_1.0 still running
Thu Sep  3 19:35:47 IST 2026: Day11 lambda_1.0 still running
Thu Sep  3 19:36:47 IST 2026: Day11 lambda_1.0 still running
Thu Sep  3 19:37:47 IST 2026: Day11 lambda_1.0 still running
Thu Sep  3 19:38:47 IST 2026: Day11 lambda_1.0 still running
Thu Sep  3 19:39:47 IST 2026: Day11 lambda_1.0 still running
Thu Sep  3 19:40:47 IST 2026: Day11 lambda_1.0 still running
Thu Sep  3 19:41:48 IST 2026: Day11 lambda_1.0 still running
Thu Sep  3 19:42:48 IST 2026: Day11 lambda_1.0 still running
Thu Sep  3 19:43:48 IST 2026: Day11 lambda_1.0 still running
Thu Sep  3 19:44:48 IST 2026: Day11 lambda_1.0 still running
Thu Sep  3 19:45:48 IST 2026: Day11 lambda_1.0 still running
Thu Sep  3 19:46:48 IST 2026: Day11 lambda_1.0 still running
Thu Sep  3 19:47:48 IST 2026: Day11 lambda_1.0 still running
Thu Sep  3 19:48:48 IST 2026: Day11 lambda_1.0 still running
Thu Sep  3 19:49:48 IST 2026: Day11 lambda_1.0 still running
Thu Sep  3 19:50:48 IST 2026: Day11 lambda_1.0 still running
Thu Sep  3 19:51:48 IST 2026: Day11 lambda_1.0 still running
Thu Sep  3 19:52:48 IST 2026: Day11 lambda_1.0 still running
Thu Sep  3 19:53:48 IST 2026: Day11 lambda_1.0 is no longer running
Thu Sep  3 19:53:48 IST 2026: Task12 lambda_1.0 is already running, waiting for it instead of starting a duplicate
Fri Sep  4 00:00:52 IST 2026: Task12 lambda_1.0 finished
Fri Sep  4 00:00:52 IST 2026: Running Day11 select+holdout
Fri Sep  4 00:01:48 IST 2026: Running Task12 select+holdout
Fri Sep  4 00:02:36 IST 2026: all automatic follow-up steps finished
